
===== 08:30:42 DEBUT =====

===== 08:30:42 antiquorum =====
cumul existant : 187096 prix deja stockes

--- Antiquorum (auction, prix realised)
    4852 prix (4852 nouveaux) · 342 requetes · periode ['2010-03-10', '2012-12-13']
      · catalogue new-york-2010-03-10: 79 lots lus en 4 page(s), 4852 records cumules
      · controle frais: le 'Sold' du catalogue vaut 1.250 fois la colonne 1 de la price-list (n=4848, 1.000-1.252) — la colonne 1 est donc le MARTEAU, et le prix charge est hors frais
      · 32 ventes traitees, 0 sans price-list (prix frais inclus), 4852 records

==============================================================================
SOURCE              NATURE        PRIX   NEUF  PERIODE
Antiquorum          realised      4852   4852  2010-03-10 -> 2012-12-13
------------------------------------------------------------------------------
TOTAL                             4852   4852

COMPLETUDE par champ (%)
                     price_amo price_cur price_dat     brand reference     model      year case_mate  movement
Antiquorum                100%      100%      100%      100%       52%        0%       87%       92%        0%

cumul : data/price_points.jsonl — 191948 prix au total
manifeste : data/runs/2026-09-26T08-30-42.json
----- fin antiquorum : code 0 a 09:30:01

===== 09:30:01 grailzee =====
cumul existant : 191948 prix deja stockes

--- Grailzee (auction, prix realised)
    194 prix (194 nouveaux) · 523 requetes · periode ['2026-09-14', '2026-09-24']
      · 3460 lots en cours de vente ecartes (aucun prix conclu)
      · 313 lots termines SANS vente ecartes (enchere haute mais pas d'acheteur)
      · COUT: une requete API par lot conclu — 194 lots charges

==============================================================================
SOURCE              NATURE        PRIX   NEUF  PERIODE
Grailzee            realised       194    194  2026-09-14 -> 2026-09-24
------------------------------------------------------------------------------
TOTAL                              194    194

COMPLETUDE par champ (%)
                     price_amo price_cur price_dat     brand reference     model      year case_mate  movement
Grailzee                  100%      100%      100%      100%      100%      100%       87%        0%        0%

cumul : data/price_points.jsonl — 192142 prix au total
manifeste : data/runs/2026-09-26T09-30-01.json
----- fin grailzee : code 0 a 11:11:09

===== 11:11:09 morphy =====
cumul existant : 192142 prix deja stockes

--- Morphy Auctions (auction, prix realised)
      · reperage des ventes: ConnectionError: HTTPSConnectionPool(host='morphyauctions.com', port=443): Max retries exceeded with url: /event-sitemap.xml (Caused by NameResolutionError("HTTPSConnection(host='morphyauctions.com', port=443): Failed to resolve 'morphyauctions.com' ([Errno 8] nodename nor servname provided, or not known)"))

==============================================================================
SOURCE              NATURE        PRIX   NEUF  PERIODE
Morphy Auctions     realised         0      0  sans date
------------------------------------------------------------------------------
TOTAL                                0      0

COMPLETUDE par champ (%)
                     price_amo price_cur price_dat     brand reference     model      year case_mate  movement

cumul : data/price_points.jsonl — 192142 prix au total
manifeste : data/runs/2026-09-26T11-11-09.json

!!!!!!!!!!!!!!!!!!!!!!!!!!!!!!!!!!!!!!!!!!!!!!!!!!!!!!!!!!!!!!!!!!!!!!!!!!!!!!
ECHEC — 1 source(s) vivante(s) n'ont RIEN ramene : Morphy Auctions
  soit le site a change, soit l'adaptateur est casse. Ne pas se fier
  aux chiffres de ce run tant que ce n'est pas elucide.
!!!!!!!!!!!!!!!!!!!!!!!!!!!!!!!!!!!!!!!!!!!!!!!!!!!!!!!!!!!!!!!!!!!!!!!!!!!!!!
----- fin morphy : code 1 a 11:11:22

===== 11:11:22 artcurial =====
cumul existant : 192142 prix deja stockes

--- Artcurial (auction, prix realised)
    8625 prix (0 nouveaux) · 90 requetes · periode ['2007-12-11', '2026-07-28']
      · 87 ventes montres
      · vente CH0038: adjudications masquees par la maison, ignoree
      · vente IT4446: adjudications masquees par la maison, ignoree

==============================================================================
SOURCE              NATURE        PRIX   NEUF  PERIODE
Artcurial           realised      8625      0  2007-12-11 -> 2026-07-28
------------------------------------------------------------------------------
TOTAL                             8625      0

COMPLETUDE par champ (%)
                     price_amo price_cur price_dat     brand reference     model      year case_mate  movement
Artcurial                 100%      100%      100%       67%       39%        8%       74%       82%       54%

cumul : data/price_points.jsonl — 192142 prix au total
manifeste : data/runs/2026-09-26T11-11-22.json
----- fin artcurial : code 0 a 11:17:04

===== 11:17:04 christies =====
cumul existant : 192142 prix deja stockes

--- Christie's (auction, prix realised)
    9501 prix (0 nouveaux) · 149 requetes · periode ['2020-02-25', '2026-06-05']
      · calendrier : 4 mois interroges, 168 mois en cache
      · 62 ventes montres reperees sur (2026, 2025, 2024, 2023, 2022, 2021, 2020)

==============================================================================
SOURCE              NATURE        PRIX   NEUF  PERIODE
Christie's          realised      9501      0  2020-02-25 -> 2026-06-05
------------------------------------------------------------------------------
TOTAL                             9501      0

COMPLETUDE par champ (%)
                     price_amo price_cur price_dat     brand reference     model      year case_mate  movement
Christie's                100%      100%      100%       95%       62%        0%       57%       78%       77%

cumul : data/price_points.jsonl — 192142 prix au total
manifeste : data/runs/2026-09-26T11-17-04.json
----- fin christies : code 0 a 11:24:28

===== 11:24:28 lyonandturnbull =====
cumul existant : 192142 prix deja stockes

--- Lyon & Turnbull (auction, prix realised)
    5763 prix (0 nouveaux) · 31 requetes · periode ['2019-12-04', '2026-05-20']
      · 30 ventes retenues sur 312 passees
      · 190 lots invendus conserves en nature 'estimate' — aucune autre source ne les publie

==============================================================================
SOURCE              NATURE        PRIX   NEUF  PERIODE
Lyon & Turnbull     realised      5763      0  2019-12-04 -> 2026-05-20
------------------------------------------------------------------------------
TOTAL                             5763      0

COMPLETUDE par champ (%)
                     price_amo price_cur price_dat     brand reference     model      year case_mate  movement
Lyon & Turnbull           100%      100%      100%       20%        6%        0%        0%        0%        0%

cumul : data/price_points.jsonl — 192142 prix au total
manifeste : data/runs/2026-09-26T11-24-28.json
----- fin lyonandturnbull : code 0 a 11:25:52

===== 11:25:52 monacolegend =====
cumul existant : 192142 prix deja stockes

--- Monaco Legend Auctions (auction, prix realised)
    4188 prix (0 nouveaux) · 20 requetes · periode ['2019-07-17', '2026-07-25']
      · 2019-12-07 Exclusive Timepieces : 198 lots (EUR)
      · 2019-07-17 Exclusive Timepieces & Jewels : 242 lots (EUR)
      · 450 lots INVENDUS conserves en nature 'estimate' — seules trois sources du dossier les publient

==============================================================================
SOURCE              NATURE        PRIX   NEUF  PERIODE
Monaco Legend Auctionsrealised      4188      0  2019-07-17 -> 2026-07-25
------------------------------------------------------------------------------
TOTAL                             4188      0

COMPLETUDE par champ (%)
                     price_amo price_cur price_dat     brand reference     model      year case_mate  movement
Monaco Legend Aucti       100%      100%      100%      100%       61%        0%       97%        0%        0%

cumul : data/price_points.jsonl — 192142 prix au total
manifeste : data/runs/2026-09-26T11-25-52.json
----- fin monacolegend : code 0 a 11:27:06

===== 11:27:06 fortuna =====
cumul existant : 192142 prix deja stockes

--- Fortuna (auction, prix realised)
    2018 prix (1 nouveaux) · 166 requetes · periode ['2016-10-18', '2026-09-13']
      · 228 marques resolues depuis la taxonomie
      · categorie 79 : 2028 lots annonces
      · 145 ventes interrogees pour leur date

==============================================================================
SOURCE              NATURE        PRIX   NEUF  PERIODE
Fortuna             realised      2018      1  2016-10-18 -> 2026-09-13
------------------------------------------------------------------------------
TOTAL                             2018      1

COMPLETUDE par champ (%)
                     price_amo price_cur price_dat     brand reference     model      year case_mate  movement
Fortuna                   100%      100%      100%       92%       52%        0%        0%        0%        0%

cumul : data/price_points.jsonl — 192143 prix au total
manifeste : data/runs/2026-09-26T11-27-06.json
----- fin fortuna : code 0 a 11:34:25

===== 11:34:25 loupethis =====
cumul existant : 192143 prix deja stockes

--- Loupe This (auction, prix realised)
    4320 prix (19 nouveaux) · 176 requetes · periode ['2021-07-08', '2026-09-25']
      · 4369 encheres annoncees par l'API
      · 175 pages lues, 25 lots par page (les crochets JSON:API sont rediriges, `page[size]` est inutilisable)

==============================================================================
SOURCE              NATURE        PRIX   NEUF  PERIODE
Loupe This          realised      4320     19  2021-07-08 -> 2026-09-25
------------------------------------------------------------------------------
TOTAL                             4320     19

COMPLETUDE par champ (%)
                     price_amo price_cur price_dat     brand reference     model      year case_mate  movement
Loupe This                100%      100%      100%       98%       77%        0%        0%        0%        0%

cumul : data/price_points.jsonl — 192162 prix au total
manifeste : data/runs/2026-09-26T11-34-25.json
----- fin loupethis : code 0 a 11:40:23

===== 11:40:23 craft_and_tailored =====
cumul existant : 192162 prix deja stockes

--- Craft & Tailored (dealer, prix asking)
    3650 prix (6 nouveaux) · 15 requetes · periode ['2016-01-31', '2026-09-24']
      · 3 fiches ecartees : prix masque par la boutique

==============================================================================
SOURCE              NATURE        PRIX   NEUF  PERIODE
Craft & Tailored    asking        3650      6  2016-01-31 -> 2026-09-24
------------------------------------------------------------------------------
TOTAL                             3650      6

COMPLETUDE par champ (%)
                     price_amo price_cur price_dat     brand reference     model      year case_mate  movement
Craft & Tailored          100%      100%      100%       95%      100%        0%       61%        0%        0%

cumul : data/price_points.jsonl — 192168 prix au total
manifeste : data/runs/2026-09-26T11-40-23.json
----- fin craft_and_tailored : code 0 a 11:41:33

===== 11:41:33 analogshift =====
cumul existant : 192168 prix deja stockes

--- Analog:Shift (dealer, prix asking)
    8345 prix (14 nouveaux) · 36 requetes · periode ['2015-03-23', '2026-09-26']
      · 558 fiches ecartees : prix masque par la boutique

==============================================================================
SOURCE              NATURE        PRIX   NEUF  PERIODE
Analog:Shift        asking        8345     14  2015-03-23 -> 2026-09-26
------------------------------------------------------------------------------
TOTAL                             8345     14

COMPLETUDE par champ (%)
                     price_amo price_cur price_dat     brand reference     model      year case_mate  movement
Analog:Shift              100%      100%      100%       99%       87%        0%        0%        0%        0%

cumul : data/price_points.jsonl — 192182 prix au total
manifeste : data/runs/2026-09-26T11-41-33.json
----- fin analogshift : code 0 a 11:43:50

===== 11:43:50 montredo =====
cumul existant : 192182 prix deja stockes

--- Montredo (dealer, prix asking)
    6999 prix (6999 nouveaux) · 28 requetes · periode ['2026-09-26', '2026-09-26']
      · /products.json p29: ConnectionError
      · 1 fiches ecartees : prix masque par la boutique

==============================================================================
SOURCE              NATURE        PRIX   NEUF  PERIODE
Montredo            asking        6999   6999  2026-09-26 -> 2026-09-26
------------------------------------------------------------------------------
TOTAL                             6999   6999

COMPLETUDE par champ (%)
                     price_amo price_cur price_dat     brand reference     model      year case_mate  movement
Montredo                  100%      100%      100%      100%      100%        0%        0%        0%        0%

cumul : data/price_points.jsonl — 199181 prix au total
manifeste : data/runs/2026-09-26T11-43-50.json
----- fin montredo : code 0 a 11:46:53

===== 11:46:53 cwsellors =====
cumul existant : 199181 prix deja stockes

--- CW Sellors (dealer, prix asking)
      · /collections/luxury-watches/products.json : 0 fiches nouvelles
      · /collections/watches/products.json p1: ConnectionError
      · /collections/watches/products.json : 0 fiches nouvelles

==============================================================================
SOURCE              NATURE        PRIX   NEUF  PERIODE
CW Sellors          asking           0      0  sans date
------------------------------------------------------------------------------
TOTAL                                0      0

COMPLETUDE par champ (%)
                     price_amo price_cur price_dat     brand reference     model      year case_mate  movement

cumul : data/price_points.jsonl — 199181 prix au total
manifeste : data/runs/2026-09-26T11-46-53.json

!!!!!!!!!!!!!!!!!!!!!!!!!!!!!!!!!!!!!!!!!!!!!!!!!!!!!!!!!!!!!!!!!!!!!!!!!!!!!!
ECHEC — 1 source(s) vivante(s) n'ont RIEN ramene : CW Sellors
  soit le site a change, soit l'adaptateur est casse. Ne pas se fier
  aux chiffres de ce run tant que ce n'est pas elucide.
!!!!!!!!!!!!!!!!!!!!!!!!!!!!!!!!!!!!!!!!!!!!!!!!!!!!!!!!!!!!!!!!!!!!!!!!!!!!!!
----- fin cwsellors : code 1 a 12:02:32

===== 12:02:32 berrys =====
cumul existant : 199181 prix deja stockes

--- Berry's Jewellers (dealer, prix asking)
      · /products.json p1: ConnectionError

==============================================================================
SOURCE              NATURE        PRIX   NEUF  PERIODE
Berry's Jewellers   asking           0      0  sans date
------------------------------------------------------------------------------
TOTAL                                0      0

COMPLETUDE par champ (%)
                     price_amo price_cur price_dat     brand reference     model      year case_mate  movement

cumul : data/price_points.jsonl — 199181 prix au total
manifeste : data/runs/2026-09-26T12-02-32.json

!!!!!!!!!!!!!!!!!!!!!!!!!!!!!!!!!!!!!!!!!!!!!!!!!!!!!!!!!!!!!!!!!!!!!!!!!!!!!!
ECHEC — 1 source(s) vivante(s) n'ont RIEN ramene : Berry's Jewellers
  soit le site a change, soit l'adaptateur est casse. Ne pas se fier
  aux chiffres de ce run tant que ce n'est pas elucide.
!!!!!!!!!!!!!!!!!!!!!!!!!!!!!!!!!!!!!!!!!!!!!!!!!!!!!!!!!!!!!!!!!!!!!!!!!!!!!!
----- fin berrys : code 1 a 12:02:45

===== 12:02:45 hairspring =====
cumul existant : 199181 prix deja stockes

--- Hairspring (dealer, prix asking)
      · /products.json p1: ConnectionError

==============================================================================
SOURCE              NATURE        PRIX   NEUF  PERIODE
Hairspring          asking           0      0  sans date
------------------------------------------------------------------------------
TOTAL                                0      0

COMPLETUDE par champ (%)
                     price_amo price_cur price_dat     brand reference     model      year case_mate  movement

cumul : data/price_points.jsonl — 199181 prix au total
manifeste : data/runs/2026-09-26T12-02-45.json

!!!!!!!!!!!!!!!!!!!!!!!!!!!!!!!!!!!!!!!!!!!!!!!!!!!!!!!!!!!!!!!!!!!!!!!!!!!!!!
ECHEC — 1 source(s) vivante(s) n'ont RIEN ramene : Hairspring
  soit le site a change, soit l'adaptateur est casse. Ne pas se fier
  aux chiffres de ce run tant que ce n'est pas elucide.
!!!!!!!!!!!!!!!!!!!!!!!!!!!!!!!!!!!!!!!!!!!!!!!!!!!!!!!!!!!!!!!!!!!!!!!!!!!!!!
----- fin hairspring : code 1 a 12:02:58

===== 12:02:58 hodinkee =====
cumul existant : 199181 prix deja stockes

--- Hodinkee Shop (dealer, prix sold)
      · /products.json p1: ConnectionError

==============================================================================
SOURCE              NATURE        PRIX   NEUF  PERIODE
Hodinkee Shop       sold             0      0  sans date
------------------------------------------------------------------------------
TOTAL                                0      0

COMPLETUDE par champ (%)
                     price_amo price_cur price_dat     brand reference     model      year case_mate  movement

cumul : data/price_points.jsonl — 199181 prix au total
manifeste : data/runs/2026-09-26T12-02-58.json

!!!!!!!!!!!!!!!!!!!!!!!!!!!!!!!!!!!!!!!!!!!!!!!!!!!!!!!!!!!!!!!!!!!!!!!!!!!!!!
ECHEC — 1 source(s) vivante(s) n'ont RIEN ramene : Hodinkee Shop
  soit le site a change, soit l'adaptateur est casse. Ne pas se fier
  aux chiffres de ce run tant que ce n'est pas elucide.
!!!!!!!!!!!!!!!!!!!!!!!!!!!!!!!!!!!!!!!!!!!!!!!!!!!!!!!!!!!!!!!!!!!!!!!!!!!!!!
----- fin hodinkee : code 1 a 12:03:11

===== 12:03:11 keystone =====
cumul existant : 199181 prix deja stockes

--- The Keystone (dealer, prix asking)
      · /products.json p1: ConnectionError

==============================================================================
SOURCE              NATURE        PRIX   NEUF  PERIODE
The Keystone        asking           0      0  sans date
------------------------------------------------------------------------------
TOTAL                                0      0

COMPLETUDE par champ (%)
                     price_amo price_cur price_dat     brand reference     model      year case_mate  movement

cumul : data/price_points.jsonl — 199181 prix au total
manifeste : data/runs/2026-09-26T12-03-11.json

!!!!!!!!!!!!!!!!!!!!!!!!!!!!!!!!!!!!!!!!!!!!!!!!!!!!!!!!!!!!!!!!!!!!!!!!!!!!!!
ECHEC — 1 source(s) vivante(s) n'ont RIEN ramene : The Keystone
  soit le site a change, soit l'adaptateur est casse. Ne pas se fier
  aux chiffres de ce run tant que ce n'est pas elucide.
!!!!!!!!!!!!!!!!!!!!!!!!!!!!!!!!!!!!!!!!!!!!!!!!!!!!!!!!!!!!!!!!!!!!!!!!!!!!!!
----- fin keystone : code 1 a 12:03:24

===== 12:03:24 watchtrader =====
cumul existant : 199181 prix deja stockes

--- Watchtrader (dealer, prix asking)
      · en vitrine : 0 fiches
      · vendues p1: ConnectionError
      · vendues : 0 fiches

==============================================================================
SOURCE              NATURE        PRIX   NEUF  PERIODE
Watchtrader         asking           0      0  sans date
------------------------------------------------------------------------------
TOTAL                                0      0

COMPLETUDE par champ (%)
                     price_amo price_cur price_dat     brand reference     model      year case_mate  movement

cumul : data/price_points.jsonl — 199181 prix au total
manifeste : data/runs/2026-09-26T12-03-24.json

!!!!!!!!!!!!!!!!!!!!!!!!!!!!!!!!!!!!!!!!!!!!!!!!!!!!!!!!!!!!!!!!!!!!!!!!!!!!!!
ECHEC — 1 source(s) vivante(s) n'ont RIEN ramene : Watchtrader
  soit le site a change, soit l'adaptateur est casse. Ne pas se fier
  aux chiffres de ce run tant que ce n'est pas elucide.
!!!!!!!!!!!!!!!!!!!!!!!!!!!!!!!!!!!!!!!!!!!!!!!!!!!!!!!!!!!!!!!!!!!!!!!!!!!!!!
----- fin watchtrader : code 1 a 12:03:49

===== 12:03:49 awco =====
cumul existant : 199181 prix deja stockes

--- Amsterdam Watch Company (dealer, prix asking)
      · en vitrine : 0 fiches retenues
      · parties p1: ConnectionError
      · parties : 0 fiches retenues

==============================================================================
SOURCE              NATURE        PRIX   NEUF  PERIODE
Amsterdam Watch Companyasking           0      0  sans date
------------------------------------------------------------------------------
TOTAL                                0      0

COMPLETUDE par champ (%)
                     price_amo price_cur price_dat     brand reference     model      year case_mate  movement

cumul : data/price_points.jsonl — 199181 prix au total
manifeste : data/runs/2026-09-26T12-03-49.json

!!!!!!!!!!!!!!!!!!!!!!!!!!!!!!!!!!!!!!!!!!!!!!!!!!!!!!!!!!!!!!!!!!!!!!!!!!!!!!
ECHEC — 1 source(s) vivante(s) n'ont RIEN ramene : Amsterdam Watch Company
  soit le site a change, soit l'adaptateur est casse. Ne pas se fier
  aux chiffres de ce run tant que ce n'est pas elucide.
!!!!!!!!!!!!!!!!!!!!!!!!!!!!!!!!!!!!!!!!!!!!!!!!!!!!!!!!!!!!!!!!!!!!!!!!!!!!!!
----- fin awco : code 1 a 12:04:14

===== 12:04:14 globalwatchshop =====
cumul existant : 199181 prix deja stockes

--- Global Watch Shop (dealer, prix asking)
      · en vitrine : 0 fiches retenues
      · parties p1: ConnectionError
      · parties : 0 fiches retenues

==============================================================================
SOURCE              NATURE        PRIX   NEUF  PERIODE
Global Watch Shop   asking           0      0  sans date
------------------------------------------------------------------------------
TOTAL                                0      0

COMPLETUDE par champ (%)
                     price_amo price_cur price_dat     brand reference     model      year case_mate  movement

cumul : data/price_points.jsonl — 199181 prix au total
manifeste : data/runs/2026-09-26T12-04-14.json

!!!!!!!!!!!!!!!!!!!!!!!!!!!!!!!!!!!!!!!!!!!!!!!!!!!!!!!!!!!!!!!!!!!!!!!!!!!!!!
ECHEC — 1 source(s) vivante(s) n'ont RIEN ramene : Global Watch Shop
  soit le site a change, soit l'adaptateur est casse. Ne pas se fier
  aux chiffres de ce run tant que ce n'est pas elucide.
!!!!!!!!!!!!!!!!!!!!!!!!!!!!!!!!!!!!!!!!!!!!!!!!!!!!!!!!!!!!!!!!!!!!!!!!!!!!!!
----- fin globalwatchshop : code 1 a 12:04:39

===== 12:04:39 chronofinder =====
cumul existant : 199181 prix deja stockes

--- Chronofinder (dealer, prix asking)
      · en vitrine : 0 fiches retenues
      · parties p1: ConnectionError
      · parties : 0 fiches retenues

==============================================================================
SOURCE              NATURE        PRIX   NEUF  PERIODE
Chronofinder        asking           0      0  sans date
------------------------------------------------------------------------------
TOTAL                                0      0

COMPLETUDE par champ (%)
                     price_amo price_cur price_dat     brand reference     model      year case_mate  movement

cumul : data/price_points.jsonl — 199181 prix au total
manifeste : data/runs/2026-09-26T12-04-39.json

!!!!!!!!!!!!!!!!!!!!!!!!!!!!!!!!!!!!!!!!!!!!!!!!!!!!!!!!!!!!!!!!!!!!!!!!!!!!!!
ECHEC — 1 source(s) vivante(s) n'ont RIEN ramene : Chronofinder
  soit le site a change, soit l'adaptateur est casse. Ne pas se fier
  aux chiffres de ce run tant que ce n'est pas elucide.
!!!!!!!!!!!!!!!!!!!!!!!!!!!!!!!!!!!!!!!!!!!!!!!!!!!!!!!!!!!!!!!!!!!!!!!!!!!!!!
----- fin chronofinder : code 1 a 12:05:04

===== 12:05:04 bulangandsons =====
cumul existant : 199181 prix deja stockes

--- Bulang and Sons (dealer, prix asking)
      · /products.json p1: ConnectionError

==============================================================================
SOURCE              NATURE        PRIX   NEUF  PERIODE
Bulang and Sons     asking           0      0  sans date
------------------------------------------------------------------------------
TOTAL                                0      0

COMPLETUDE par champ (%)
                     price_amo price_cur price_dat     brand reference     model      year case_mate  movement

cumul : data/price_points.jsonl — 199181 prix au total
manifeste : data/runs/2026-09-26T12-05-04.json

!!!!!!!!!!!!!!!!!!!!!!!!!!!!!!!!!!!!!!!!!!!!!!!!!!!!!!!!!!!!!!!!!!!!!!!!!!!!!!
ECHEC — 1 source(s) vivante(s) n'ont RIEN ramene : Bulang and Sons
  soit le site a change, soit l'adaptateur est casse. Ne pas se fier
  aux chiffres de ce run tant que ce n'est pas elucide.
!!!!!!!!!!!!!!!!!!!!!!!!!!!!!!!!!!!!!!!!!!!!!!!!!!!!!!!!!!!!!!!!!!!!!!!!!!!!!!
----- fin bulangandsons : code 1 a 12:05:17

===== 12:05:17 acollectedman =====
cumul existant : 199181 prix deja stockes

--- A Collected Man (dealer, prix asking)
      · /products.json p1: ConnectionError

==============================================================================
SOURCE              NATURE        PRIX   NEUF  PERIODE
A Collected Man     asking           0      0  sans date
------------------------------------------------------------------------------
TOTAL                                0      0

COMPLETUDE par champ (%)
                     price_amo price_cur price_dat     brand reference     model      year case_mate  movement

cumul : data/price_points.jsonl — 199181 prix au total
manifeste : data/runs/2026-09-26T12-05-17.json

!!!!!!!!!!!!!!!!!!!!!!!!!!!!!!!!!!!!!!!!!!!!!!!!!!!!!!!!!!!!!!!!!!!!!!!!!!!!!!
ECHEC — 1 source(s) vivante(s) n'ont RIEN ramene : A Collected Man
  soit le site a change, soit l'adaptateur est casse. Ne pas se fier
  aux chiffres de ce run tant que ce n'est pas elucide.
!!!!!!!!!!!!!!!!!!!!!!!!!!!!!!!!!!!!!!!!!!!!!!!!!!!!!!!!!!!!!!!!!!!!!!!!!!!!!!
----- fin acollectedman : code 1 a 12:05:30

===== 12:05:30 amsterdamvintage =====
cumul existant : 199181 prix deja stockes

--- Amsterdam Vintage Watches (dealer, prix asking)
      · en vitrine : 0 fiches retenues
      · parties p1: ConnectionError
      · parties : 0 fiches retenues

==============================================================================
SOURCE              NATURE        PRIX   NEUF  PERIODE
Amsterdam Vintage Watchesasking           0      0  sans date
------------------------------------------------------------------------------
TOTAL                                0      0

COMPLETUDE par champ (%)
                     price_amo price_cur price_dat     brand reference     model      year case_mate  movement

cumul : data/price_points.jsonl — 199181 prix au total
manifeste : data/runs/2026-09-26T12-05-30.json

!!!!!!!!!!!!!!!!!!!!!!!!!!!!!!!!!!!!!!!!!!!!!!!!!!!!!!!!!!!!!!!!!!!!!!!!!!!!!!
ECHEC — 1 source(s) vivante(s) n'ont RIEN ramene : Amsterdam Vintage Watches
  soit le site a change, soit l'adaptateur est casse. Ne pas se fier
  aux chiffres de ce run tant que ce n'est pas elucide.
!!!!!!!!!!!!!!!!!!!!!!!!!!!!!!!!!!!!!!!!!!!!!!!!!!!!!!!!!!!!!!!!!!!!!!!!!!!!!!
----- fin amsterdamvintage : code 1 a 12:05:55

===== 12:05:55 sworders =====
cumul existant : 199181 prix deja stockes

--- Sworders (auction, prix realised)
      · j w benson p1: ConnectionError
      · j w benson : 0 lots en 1 page(s)
      · AUCUNE DATE : la source ne publie la date de vente que sur la fiche du lot, inatteignable a 10 s de delai par requete

==============================================================================
SOURCE              NATURE        PRIX   NEUF  PERIODE
Sworders            realised         0      0  sans date
------------------------------------------------------------------------------
TOTAL                                0      0

COMPLETUDE par champ (%)
                     price_amo price_cur price_dat     brand reference     model      year case_mate  movement

cumul : data/price_points.jsonl — 199181 prix au total
manifeste : data/runs/2026-09-26T12-05-55.json

!!!!!!!!!!!!!!!!!!!!!!!!!!!!!!!!!!!!!!!!!!!!!!!!!!!!!!!!!!!!!!!!!!!!!!!!!!!!!!
ECHEC — 1 source(s) vivante(s) n'ont RIEN ramene : Sworders
  soit le site a change, soit l'adaptateur est casse. Ne pas se fier
  aux chiffres de ce run tant que ce n'est pas elucide.
!!!!!!!!!!!!!!!!!!!!!!!!!!!!!!!!!!!!!!!!!!!!!!!!!!!!!!!!!!!!!!!!!!!!!!!!!!!!!!
----- fin sworders : code 1 a 12:26:46

===== 12:26:46 topper =====
cumul existant : 199181 prix deja stockes

--- Topper Fine Jewelers (retail, prix msrp)
      · /products.json p1: ConnectionError

==============================================================================
SOURCE              NATURE        PRIX   NEUF  PERIODE
Topper Fine Jewelersmsrp             0      0  sans date
------------------------------------------------------------------------------
TOTAL                                0      0

COMPLETUDE par champ (%)
                     price_amo price_cur price_dat     brand reference     model      year case_mate  movement

cumul : data/price_points.jsonl — 199181 prix au total
manifeste : data/runs/2026-09-26T12-26-46.json

!!!!!!!!!!!!!!!!!!!!!!!!!!!!!!!!!!!!!!!!!!!!!!!!!!!!!!!!!!!!!!!!!!!!!!!!!!!!!!
ECHEC — 1 source(s) vivante(s) n'ont RIEN ramene : Topper Fine Jewelers
  soit le site a change, soit l'adaptateur est casse. Ne pas se fier
  aux chiffres de ce run tant que ce n'est pas elucide.
!!!!!!!!!!!!!!!!!!!!!!!!!!!!!!!!!!!!!!!!!!!!!!!!!!!!!!!!!!!!!!!!!!!!!!!!!!!!!!
----- fin topper : code 1 a 12:26:59

===== 12:26:59 watchrecon =====
cumul existant : 199181 prix deja stockes

--- WatchRecon (community, prix asking)
      · squale p1: ConnectionError
      · steinhart p1: ConnectionError
      · tudor black bay p1: ConnectionError

==============================================================================
SOURCE              NATURE        PRIX   NEUF  PERIODE
WatchRecon          asking           0      0  sans date
------------------------------------------------------------------------------
TOTAL                                0      0

COMPLETUDE par champ (%)
                     price_amo price_cur price_dat     brand reference     model      year case_mate  movement

cumul : data/price_points.jsonl — 199181 prix au total
manifeste : data/runs/2026-09-26T12-26-59.json

!!!!!!!!!!!!!!!!!!!!!!!!!!!!!!!!!!!!!!!!!!!!!!!!!!!!!!!!!!!!!!!!!!!!!!!!!!!!!!
ECHEC — 1 source(s) vivante(s) n'ont RIEN ramene : WatchRecon
  soit le site a change, soit l'adaptateur est casse. Ne pas se fier
  aux chiffres de ce run tant que ce n'est pas elucide.
!!!!!!!!!!!!!!!!!!!!!!!!!!!!!!!!!!!!!!!!!!!!!!!!!!!!!!!!!!!!!!!!!!!!!!!!!!!!!!
----- fin watchrecon : code 1 a 12:58:09

===== 12:58:09 knightsbridge =====
cumul existant : 199181 prix deja stockes

--- Watches of Knightsbridge (dealer, prix asking)
      · 0 fiches retenues, 0 datees (MISE EN LIGNE, pas la vente)
      · 0 fiches ecartees : prix nul ou sentinelle (« prix sur demande »)
      · prix DEMANDES de la branche detail (CURATED/OYSTERBAR) : l'archive d'encheres de la maison n'est pas dans WooCommerce

==============================================================================
SOURCE              NATURE        PRIX   NEUF  PERIODE
Watches of Knightsbridgeasking           0      0  sans date
------------------------------------------------------------------------------
TOTAL                                0      0

COMPLETUDE par champ (%)
                     price_amo price_cur price_dat     brand reference     model      year case_mate  movement

cumul : data/price_points.jsonl — 199181 prix au total
manifeste : data/runs/2026-09-26T12-58-09.json

!!!!!!!!!!!!!!!!!!!!!!!!!!!!!!!!!!!!!!!!!!!!!!!!!!!!!!!!!!!!!!!!!!!!!!!!!!!!!!
ECHEC — 1 source(s) vivante(s) n'ont RIEN ramene : Watches of Knightsbridge
  soit le site a change, soit l'adaptateur est casse. Ne pas se fier
  aux chiffres de ce run tant que ce n'est pas elucide.
!!!!!!!!!!!!!!!!!!!!!!!!!!!!!!!!!!!!!!!!!!!!!!!!!!!!!!!!!!!!!!!!!!!!!!!!!!!!!!
----- fin knightsbridge : code 1 a 12:58:34

===== 12:58:34 certifiedwatchstore =====
cumul existant : 199181 prix deja stockes

--- Certified Watch Store (dealer, prix asking)
      · /products.json p1: ConnectionError

==============================================================================
SOURCE              NATURE        PRIX   NEUF  PERIODE
Certified Watch Storeasking           0      0  sans date
------------------------------------------------------------------------------
TOTAL                                0      0

COMPLETUDE par champ (%)
                     price_amo price_cur price_dat     brand reference     model      year case_mate  movement

cumul : data/price_points.jsonl — 199181 prix au total
manifeste : data/runs/2026-09-26T12-58-34.json

!!!!!!!!!!!!!!!!!!!!!!!!!!!!!!!!!!!!!!!!!!!!!!!!!!!!!!!!!!!!!!!!!!!!!!!!!!!!!!
ECHEC — 1 source(s) vivante(s) n'ont RIEN ramene : Certified Watch Store
  soit le site a change, soit l'adaptateur est casse. Ne pas se fier
  aux chiffres de ce run tant que ce n'est pas elucide.
!!!!!!!!!!!!!!!!!!!!!!!!!!!!!!!!!!!!!!!!!!!!!!!!!!!!!!!!!!!!!!!!!!!!!!!!!!!!!!
----- fin certifiedwatchstore : code 1 a 12:58:47

===== 12:58:47 cottone =====
cumul existant : 199181 prix deja stockes

--- Cottone Auctions (auction, prix realised)
      · Clocks & Timepieces : 0 lots lus en 0/? page(s), 0 montres gardees
      · PRIX FRAIS INCLUS : la fiche de lot titre 'Hammer Price w/ BP', libelle constant de 2009 a 2026. Le marteau nu n'est pas publie, et le taux de frais americain n'etant pas constant, il n'est pas reconstituable par division.
      · categorie_source NON transmise au filtre : Cottone range ses montres-bracelets sous 'Jewelry', que R0 lit comme 'pas une montre' (mesure : 27 montres gardees sans, 0 avec sur 334 lots)

==============================================================================
SOURCE              NATURE        PRIX   NEUF  PERIODE
Cottone Auctions    realised         0      0  sans date
------------------------------------------------------------------------------
TOTAL                                0      0

COMPLETUDE par champ (%)
                     price_amo price_cur price_dat     brand reference     model      year case_mate  movement

cumul : data/price_points.jsonl — 199181 prix au total
manifeste : data/runs/2026-09-26T12-58-47.json

!!!!!!!!!!!!!!!!!!!!!!!!!!!!!!!!!!!!!!!!!!!!!!!!!!!!!!!!!!!!!!!!!!!!!!!!!!!!!!
ECHEC — 1 source(s) vivante(s) n'ont RIEN ramene : Cottone Auctions
  soit le site a change, soit l'adaptateur est casse. Ne pas se fier
  aux chiffres de ce run tant que ce n'est pas elucide.
!!!!!!!!!!!!!!!!!!!!!!!!!!!!!!!!!!!!!!!!!!!!!!!!!!!!!!!!!!!!!!!!!!!!!!!!!!!!!!
----- fin cottone : code 1 a 12:59:24

===== 12:59:24 antiquorum =====
cumul existant : 199181 prix deja stockes

--- Antiquorum (auction, prix realised)
      · ventes 2021: ConnectionError
      · ventes 2020: ConnectionError
      · 0 ventes traitees, 0 sans price-list (prix frais inclus), 0 records

==============================================================================
SOURCE              NATURE        PRIX   NEUF  PERIODE
Antiquorum          realised         0      0  sans date
------------------------------------------------------------------------------
TOTAL                                0      0

COMPLETUDE par champ (%)
                     price_amo price_cur price_dat     brand reference     model      year case_mate  movement

cumul : data/price_points.jsonl — 199181 prix au total
manifeste : data/runs/2026-09-26T12-59-24.json

!!!!!!!!!!!!!!!!!!!!!!!!!!!!!!!!!!!!!!!!!!!!!!!!!!!!!!!!!!!!!!!!!!!!!!!!!!!!!!
ECHEC — 1 source(s) vivante(s) n'ont RIEN ramene : Antiquorum
  soit le site a change, soit l'adaptateur est casse. Ne pas se fier
  aux chiffres de ce run tant que ce n'est pas elucide.
!!!!!!!!!!!!!!!!!!!!!!!!!!!!!!!!!!!!!!!!!!!!!!!!!!!!!!!!!!!!!!!!!!!!!!!!!!!!!!
----- fin antiquorum : code 1 a 13:00:49

===== 13:00:49 antiquorum =====
cumul existant : 199181 prix deja stockes

--- Antiquorum (auction, prix realised)
      · ventes 2001: ConnectionError
      · ventes 2000: ConnectionError
      · 0 ventes traitees, 0 sans price-list (prix frais inclus), 0 records

==============================================================================
SOURCE              NATURE        PRIX   NEUF  PERIODE
Antiquorum          realised         0      0  sans date
------------------------------------------------------------------------------
TOTAL                                0      0

COMPLETUDE par champ (%)
                     price_amo price_cur price_dat     brand reference     model      year case_mate  movement

cumul : data/price_points.jsonl — 199181 prix au total
manifeste : data/runs/2026-09-26T13-00-49.json

!!!!!!!!!!!!!!!!!!!!!!!!!!!!!!!!!!!!!!!!!!!!!!!!!!!!!!!!!!!!!!!!!!!!!!!!!!!!!!
ECHEC — 1 source(s) vivante(s) n'ont RIEN ramene : Antiquorum
  soit le site a change, soit l'adaptateur est casse. Ne pas se fier
  aux chiffres de ce run tant que ce n'est pas elucide.
!!!!!!!!!!!!!!!!!!!!!!!!!!!!!!!!!!!!!!!!!!!!!!!!!!!!!!!!!!!!!!!!!!!!!!!!!!!!!!
----- fin antiquorum : code 1 a 13:20:01

===== 13:20:01 antiquorum =====
cumul existant : 199181 prix deja stockes

--- Antiquorum (auction, prix realised)
      · ventes 1990: ConnectionError
      · ventes 1989: ConnectionError
      · 0 ventes traitees, 0 sans price-list (prix frais inclus), 0 records

==============================================================================
SOURCE              NATURE        PRIX   NEUF  PERIODE
Antiquorum          realised         0      0  sans date
------------------------------------------------------------------------------
TOTAL                                0      0

COMPLETUDE par champ (%)
                     price_amo price_cur price_dat     brand reference     model      year case_mate  movement

cumul : data/price_points.jsonl — 199181 prix au total
manifeste : data/runs/2026-09-26T13-20-01.json

!!!!!!!!!!!!!!!!!!!!!!!!!!!!!!!!!!!!!!!!!!!!!!!!!!!!!!!!!!!!!!!!!!!!!!!!!!!!!!
ECHEC — 1 source(s) vivante(s) n'ont RIEN ramene : Antiquorum
  soit le site a change, soit l'adaptateur est casse. Ne pas se fier
  aux chiffres de ce run tant que ce n'est pas elucide.
!!!!!!!!!!!!!!!!!!!!!!!!!!!!!!!!!!!!!!!!!!!!!!!!!!!!!!!!!!!!!!!!!!!!!!!!!!!!!!
----- fin antiquorum : code 1 a 13:22:15

===== 13:22:15 FIN DE FILE =====
